﻿
   PASS  Tests\Unit\ExampleTest
  Ô£ô that true is true                0.06s  

   FAIL  Tests\Feature\ExampleTest
  Ô¿» example
  ÔöÇÔöÇÔöÇÔöÇÔöÇÔöÇÔöÇÔöÇÔöÇÔöÇÔöÇÔöÇÔöÇÔöÇÔöÇÔöÇÔöÇÔöÇÔöÇÔöÇÔöÇÔöÇÔöÇÔöÇÔöÇÔöÇÔöÇÔöÇÔöÇÔöÇÔöÇÔöÇÔöÇÔöÇÔöÇÔöÇÔöÇÔöÇÔöÇÔöÇ  
   FAILED  Tests\FeatureÔÇª  QueryException   
  could not find driver (Connection: sqlite, Database: :memory:, SQL: select exists (select 1 from "main".sqlite_master where name = 'migrations' and type = 'table') as "exists")

  at vendor\laravel\framework\src\Illuminate\Database\Connectors\Connector.php:67
     63Ôûò     protected function createPdoConnection($dsn, $username, #[\SensitiveParameter] $password, $options)
     64Ôûò     {
     65Ôûò         return version_compare(PHP_VERSION, '8.4.0', '<')
     66Ôûò             ? new PDO($dsn, $username, $password, $options)
  Ô×£  67Ôûò             : PDO::connect($dsn, $username, $password, $options); /** @phpstan-ignore staticMethod.notFound (PHP 8.4) */
     68Ôûò     }
     69Ôûò 
     70Ôûò     /**
     71Ôûò      * Handle an exception that occurred during connect execution.

  1   vendor\laravel\framework\src\Illuminate\Database\Connectors\Connector.php:67
  2   vendor\laravel\framework\src\Illuminate\Database\Connectors\Connector.php:44


  Tests:    1 failed, 1 passed (1 assertions)
  Duration: 2.43s

