
   WARN  Metadata found in doc-comment for method Tests\Feature\RazorpayRefundTest::it_can_validate_razorpay_refund_eligibility(). Metadata in doc-comments is deprecated and will no longer be supported in PHPUnit 12. Update your test code to use attributes instead.

   WARN  Metadata found in doc-comment for method Tests\Feature\RazorpayRefundTest::it_rejects_refund_for_non_captured_payment(). Metadata in doc-comments is deprecated and will no longer be supported in PHPUnit 12. Update your test code to use attributes instead.

   WARN  Metadata found in doc-comment for method Tests\Feature\RazorpayRefundTest::it_rejects_refund_exceeding_remaining_amount(). Metadata in doc-comments is deprecated and will no longer be supported in PHPUnit 12. Update your test code to use attributes instead.

   WARN  Metadata found in doc-comment for method Tests\Feature\RazorpayRefundTest::it_rejects_refund_for_fully_refunded_payment(). Metadata in doc-comments is deprecated and will no longer be supported in PHPUnit 12. Update your test code to use attributes instead.

   WARN  Metadata found in doc-comment for method Tests\Feature\RazorpayRefundTest::it_can_create_refund_request_via_api(). Metadata in doc-comments is deprecated and will no longer be supported in PHPUnit 12. Update your test code to use attributes instead.

   WARN  Metadata found in doc-comment for method Tests\Feature\RazorpayRefundTest::it_validates_razorpay_eligibility_before_creating_refund(). Metadata in doc-comments is deprecated and will no longer be supported in PHPUnit 12. Update your test code to use attributes instead.

   WARN  Metadata found in doc-comment for method Tests\Feature\RazorpayRefundTest::it_can_check_razorpay_eligibility_via_api(). Metadata in doc-comments is deprecated and will no longer be supported in PHPUnit 12. Update your test code to use attributes instead.

   WARN  Metadata found in doc-comment for method Tests\Feature\RazorpayRefundTest::it_rejects_razorpay_eligibility_for_non_razorpay_orders(). Metadata in doc-comments is deprecated and will no longer be supported in PHPUnit 12. Update your test code to use attributes instead.

   WARN  Metadata found in doc-comment for method Tests\Feature\RazorpayRefundTest::it_can_get_customer_refunds(). Metadata in doc-comments is deprecated and will no longer be supported in PHPUnit 12. Update your test code to use attributes instead.

   WARN  Metadata found in doc-comment for method Tests\Feature\RazorpayRefundTest::it_can_cancel_pending_refund(). Metadata in doc-comments is deprecated and will no longer be supported in PHPUnit 12. Update your test code to use attributes instead.

   WARN  Metadata found in doc-comment for method Tests\Feature\RazorpayRefundTest::it_cannot_cancel_non_pending_refund(). Metadata in doc-comments is deprecated and will no longer be supported in PHPUnit 12. Update your test code to use attributes instead.

   WARN  Metadata found in doc-comment for method Tests\Feature\RazorpayRefundTest::it_can_get_refund_statistics(). Metadata in doc-comments is deprecated and will no longer be supported in PHPUnit 12. Update your test code to use attributes instead.

   WARN  Metadata found in doc-comment for method Tests\Feature\RazorpayRefundTest::it_can_process_razorpay_refund_with_mock(). Metadata in doc-comments is deprecated and will no longer be supported in PHPUnit 12. Update your test code to use attributes instead.

   WARN  Metadata found in doc-comment for method Tests\Feature\RazorpayRefundTest::it_handles_razorpay_refund_failure(). Metadata in doc-comments is deprecated and will no longer be supported in PHPUnit 12. Update your test code to use attributes instead.

   WARN  Metadata found in doc-comment for method Tests\Feature\RazorpayRefundTest::it_can_check_razorpay_refund_status(). Metadata in doc-comments is deprecated and will no longer be supported in PHPUnit 12. Update your test code to use attributes instead.

   WARN  Metadata found in doc-comment for method Tests\Feature\RazorpayRefundTest::it_can_test_razorpay_connection(). Metadata in doc-comments is deprecated and will no longer be supported in PHPUnit 12. Update your test code to use attributes instead.
"PROCESS REFUND RESULT:" // tests\Feature\RazorpayRefundTest.php:404
array:3 [
  "success" => false
  "error" => "Undefined array key "id""
  "refund_transaction_id" => 1
] // tests\Feature\RazorpayRefundTest.php:404

   FAIL  Tests\Feature\RazorpayRefundTest
  Ô¿» it can process razorpÔÇª 2.38s  
  ÔöÇÔöÇÔöÇÔöÇÔöÇÔöÇÔöÇÔöÇÔöÇÔöÇÔöÇÔöÇÔöÇÔöÇÔöÇÔöÇÔöÇÔöÇÔöÇÔöÇÔöÇÔöÇÔöÇÔöÇÔöÇÔöÇÔöÇÔöÇÔöÇÔöÇ  
   FAILED  Tests\Feature\RazorÔÇª   
  Failed asserting that false is true.

  at tests\Feature\RazorpayRefundTest.php:406
    402Ôûò         $result = $this->razorpayService->processRefund($refundTransaction, 500, 'Test refund');
    403Ôûò 
    404Ôûò         dump('PROCESS REFUND RESULT:', $result);
    405Ôûò 
  Ô×£ 406Ôûò         $this->assertTrue($result['success']);
    407Ôûò         $this->assertEquals('processed', $result['status']);
    408Ôûò         $this->assertEquals(500, $result['amount']);
    409Ôûò     }
    410Ôûò

  1   tests\Feature\RazorpayRefundTest.php:406


  Tests:    1 failed (1 assertions)
  Duration: 2.96s

